// Jest Snapshot v1, https://goo.gl/fbAQLP

exports[`Signup Login should render correctly 1`] = `ShallowWrapper {}`;
