// Jest Snapshot v1, https://goo.gl/fbAQLP

exports[`<TaskColumn /> should render and match snapshot 1`] = `
initialize {
  "0": Object {
    "attribs": Object {
      "class": "tasks-column rounded mb-4 mb-lg-0",
    },
    "children": Array [
      Object {
        "attribs": Object {
          "class": "tasks-column-invalid-title",
          "data-test": "columnTitle",
        },
        "children": Array [],
        "name": "h1",
        "namespace": "http://www.w3.org/1999/xhtml",
        "next": Object {
          "attribs": Object {
            "class": "task-items-container container-fluid",
            "data-test": "taskItemsContainer",
          },
          "children": Array [],
          "name": "div",
          "namespace": "http://www.w3.org/1999/xhtml",
          "next": null,
          "parent": [Circular],
          "prev": [Circular],
          "type": "tag",
          "x-attribsNamespace": Object {
            "class": undefined,
            "data-test": undefined,
          },
          "x-attribsPrefix": Object {
            "class": undefined,
            "data-test": undefined,
          },
        },
        "parent": [Circular],
        "prev": null,
        "type": "tag",
        "x-attribsNamespace": Object {
          "class": undefined,
          "data-test": undefined,
        },
        "x-attribsPrefix": Object {
          "class": undefined,
          "data-test": undefined,
        },
      },
      Object {
        "attribs": Object {
          "class": "task-items-container container-fluid",
          "data-test": "taskItemsContainer",
        },
        "children": Array [],
        "name": "div",
        "namespace": "http://www.w3.org/1999/xhtml",
        "next": null,
        "parent": [Circular],
        "prev": Object {
          "attribs": Object {
            "class": "tasks-column-invalid-title",
            "data-test": "columnTitle",
          },
          "children": Array [],
          "name": "h1",
          "namespace": "http://www.w3.org/1999/xhtml",
          "next": [Circular],
          "parent": [Circular],
          "prev": null,
          "type": "tag",
          "x-attribsNamespace": Object {
            "class": undefined,
            "data-test": undefined,
          },
          "x-attribsPrefix": Object {
            "class": undefined,
            "data-test": undefined,
          },
        },
        "type": "tag",
        "x-attribsNamespace": Object {
          "class": undefined,
          "data-test": undefined,
        },
        "x-attribsPrefix": Object {
          "class": undefined,
          "data-test": undefined,
        },
      },
    ],
    "name": "div",
    "namespace": "http://www.w3.org/1999/xhtml",
    "next": null,
    "parent": null,
    "prev": null,
    "root": Object {
      "attribs": Object {},
      "children": Array [
        [Circular],
      ],
      "name": "root",
      "namespace": "http://www.w3.org/1999/xhtml",
      "next": null,
      "parent": null,
      "prev": null,
      "type": "root",
      "x-attribsNamespace": Object {},
      "x-attribsPrefix": Object {},
    },
    "type": "tag",
    "x-attribsNamespace": Object {
      "class": undefined,
    },
    "x-attribsPrefix": Object {
      "class": undefined,
    },
  },
  "_root": [Circular],
  "length": 1,
  "options": Object {
    "decodeEntities": true,
    "normalizeWhitespace": false,
    "withDomLvl1": true,
    "xml": false,
  },
}
`;
