// Jest Snapshot v1, https://goo.gl/fbAQLP

exports[`MainView should render correctly in "debug" mode 1`] = `ShallowWrapper {}`;

exports[`MainView should render correctly with no props 1`] = `ShallowWrapper {}`;
