// Jest Snapshot v1, https://goo.gl/fbAQLP

exports[`ModalToDelete should render correctly in "debug" mode 1`] = `ShallowWrapper {}`;

exports[`ModalToDelete should render correctly with no props 1`] = `ShallowWrapper {}`;
