// Jest Snapshot v1, https://goo.gl/fbAQLP

exports[`SubtaskFilterContainer component should render correctly and match the snapshot 1`] = `ShallowWrapper {}`;
