// Jest Snapshot v1, https://goo.gl/fbAQLP

exports[`SubtaskEdit component should render correctly and match the snapshot 1`] = `
ShallowWrapper {
  Symbol(enzyme.__root__): [Circular],
  Symbol(enzyme.__unrendered__): <SubtaskEdit
    subtaskActions={
      Object {
        "editSubtaskText": [MockFunction],
      }
    }
  />,
  Symbol(enzyme.__renderer__): Object {
    "batchedUpdates": [Function],
    "checkPropTypes": [Function],
    "getNode": [Function],
    "render": [Function],
    "simulateError": [Function],
    "simulateEvent": [Function],
    "unmount": [Function],
  },
  Symbol(enzyme.__node__): Object {
    "instance": null,
    "key": undefined,
    "nodeType": "function",
    "props": Object {
      "children": <ForwardRef
        className="px-0"
      >
        <ForwardRef
          className="needs-validation"
          inline={false}
          method="POST"
          noValidate={true}
          onSubmit={[Function]}
        >
          <ForwardRef(render)>
            <ForwardRef
              autoFocus={true}
              className="new-subtask-name was-validated"
              maxLength={40}
              minLength={1}
              onChange={[Function]}
              placeholder="Enter subtask name here..."
              required={true}
              size="sm"
            />
            <ForwardRef>
              <ForwardRef
                active={false}
                className="subtask-save-button"
                disabled={false}
                size="sm"
                type="submit"
                variant="outline-primary"
              >
                <img
                  alt="Accept"
                  src="accept.svg"
                />
              </ForwardRef>
            </ForwardRef>
            <div
              className="valid-feedback"
            >
              Looks good!
            </div>
            <div
              className="invalid-feedback"
            >
              Please provide subtask name.
            </div>
          </ForwardRef(render)>
        </ForwardRef>
      </ForwardRef>,
      "className": "subtask-row my-0 mx-0 px-2 rounded",
    },
    "ref": null,
    "rendered": Object {
      "instance": null,
      "key": undefined,
      "nodeType": "function",
      "props": Object {
        "children": <ForwardRef
          className="needs-validation"
          inline={false}
          method="POST"
          noValidate={true}
          onSubmit={[Function]}
        >
          <ForwardRef(render)>
            <ForwardRef
              autoFocus={true}
              className="new-subtask-name was-validated"
              maxLength={40}
              minLength={1}
              onChange={[Function]}
              placeholder="Enter subtask name here..."
              required={true}
              size="sm"
            />
            <ForwardRef>
              <ForwardRef
                active={false}
                className="subtask-save-button"
                disabled={false}
                size="sm"
                type="submit"
                variant="outline-primary"
              >
                <img
                  alt="Accept"
                  src="accept.svg"
                />
              </ForwardRef>
            </ForwardRef>
            <div
              className="valid-feedback"
            >
              Looks good!
            </div>
            <div
              className="invalid-feedback"
            >
              Please provide subtask name.
            </div>
          </ForwardRef(render)>
        </ForwardRef>,
        "className": "px-0",
      },
      "ref": null,
      "rendered": Object {
        "instance": null,
        "key": undefined,
        "nodeType": "function",
        "props": Object {
          "_id": undefined,
          "children": <ForwardRef(render)>
            <ForwardRef
              autoFocus={true}
              className="new-subtask-name was-validated"
              maxLength={40}
              minLength={1}
              onChange={[Function]}
              placeholder="Enter subtask name here..."
              required={true}
              size="sm"
            />
            <ForwardRef>
              <ForwardRef
                active={false}
                className="subtask-save-button"
                disabled={false}
                size="sm"
                type="submit"
                variant="outline-primary"
              >
                <img
                  alt="Accept"
                  src="accept.svg"
                />
              </ForwardRef>
            </ForwardRef>
            <div
              className="valid-feedback"
            >
              Looks good!
            </div>
            <div
              className="invalid-feedback"
            >
              Please provide subtask name.
            </div>
          </ForwardRef(render)>,
          "className": "needs-validation",
          "inline": false,
          "method": "POST",
          "noValidate": true,
          "onSubmit": [Function],
        },
        "ref": [Function],
        "rendered": Object {
          "instance": null,
          "key": undefined,
          "nodeType": "function",
          "props": Object {
            "children": Array [
              <ForwardRef
                autoFocus={true}
                className="new-subtask-name was-validated"
                maxLength={40}
                minLength={1}
                onChange={[Function]}
                placeholder="Enter subtask name here..."
                required={true}
                size="sm"
              />,
              <ForwardRef>
                <ForwardRef
                  active={false}
                  className="subtask-save-button"
                  disabled={false}
                  size="sm"
                  type="submit"
                  variant="outline-primary"
                >
                  <img
                    alt="Accept"
                    src="accept.svg"
                  />
                </ForwardRef>
              </ForwardRef>,
              <div
                className="valid-feedback"
              >
                Looks good!
              </div>,
              <div
                className="invalid-feedback"
              >
                Please provide subtask name.
              </div>,
            ],
          },
          "ref": null,
          "rendered": Array [
            Object {
              "instance": null,
              "key": undefined,
              "nodeType": "function",
              "props": Object {
                "autoFocus": true,
                "className": "new-subtask-name was-validated",
                "defaultValue": undefined,
                "maxLength": 40,
                "minLength": 1,
                "onChange": [Function],
                "placeholder": "Enter subtask name here...",
                "required": true,
                "size": "sm",
              },
              "ref": [Function],
              "rendered": null,
              "type": Object {
                "$$typeof": Symbol(react.forward_ref),
                "Feedback": Object {
                  "$$typeof": Symbol(react.forward_ref),
                  "defaultProps": Object {
                    "type": "valid",
                  },
                  "displayName": "Feedback",
                  "propTypes": Object {
                    "as": [Function],
                    "type": [Function],
                  },
                  "render": [Function],
                },
                "displayName": "FormControl",
                "render": [Function],
              },
            },
            Object {
              "instance": null,
              "key": undefined,
              "nodeType": "function",
              "props": Object {
                "children": <ForwardRef
                  active={false}
                  className="subtask-save-button"
                  disabled={false}
                  size="sm"
                  type="submit"
                  variant="outline-primary"
                >
                  <img
                    alt="Accept"
                    src="accept.svg"
                  />
                </ForwardRef>,
              },
              "ref": null,
              "rendered": Object {
                "instance": null,
                "key": undefined,
                "nodeType": "function",
                "props": Object {
                  "active": false,
                  "children": <img
                    alt="Accept"
                    src="accept.svg"
                  />,
                  "className": "subtask-save-button",
                  "disabled": false,
                  "size": "sm",
                  "type": "submit",
                  "variant": "outline-primary",
                },
                "ref": null,
                "rendered": Object {
                  "instance": null,
                  "key": undefined,
                  "nodeType": "host",
                  "props": Object {
                    "alt": "Accept",
                    "src": "accept.svg",
                  },
                  "ref": null,
                  "rendered": null,
                  "type": "img",
                },
                "type": Object {
                  "$$typeof": Symbol(react.forward_ref),
                  "defaultProps": Object {
                    "active": false,
                    "disabled": false,
                    "type": "button",
                    "variant": "primary",
                  },
                  "displayName": "Button",
                  "render": [Function],
                },
              },
              "type": Object {
                "$$typeof": Symbol(react.forward_ref),
                "defaultProps": undefined,
                "displayName": "InputGroupAppend",
                "render": [Function],
              },
            },
            Object {
              "instance": null,
              "key": undefined,
              "nodeType": "host",
              "props": Object {
                "children": "Looks good!",
                "className": "valid-feedback",
              },
              "ref": null,
              "rendered": "Looks good!",
              "type": "div",
            },
            Object {
              "instance": null,
              "key": undefined,
              "nodeType": "host",
              "props": Object {
                "children": "Please provide subtask name.",
                "className": "invalid-feedback",
              },
              "ref": null,
              "rendered": "Please provide subtask name.",
              "type": "div",
            },
          ],
          "type": Object {
            "$$typeof": Symbol(react.forward_ref),
            "Append": Object {
              "$$typeof": Symbol(react.forward_ref),
              "defaultProps": undefined,
              "displayName": "InputGroupAppend",
              "render": [Function],
            },
            "Checkbox": [Function],
            "Prepend": Object {
              "$$typeof": Symbol(react.forward_ref),
              "defaultProps": undefined,
              "displayName": "InputGroupPrepend",
              "render": [Function],
            },
            "Radio": [Function],
            "Text": Object {
              "$$typeof": Symbol(react.forward_ref),
              "defaultProps": undefined,
              "displayName": "InputGroupText",
              "render": [Function],
            },
            "defaultProps": undefined,
            "displayName": "Bootstrap(InputGroup)",
            "propTypes": undefined,
            "render": [Function],
          },
        },
        "type": Object {
          "$$typeof": Symbol(react.forward_ref),
          "Check": Object {
            "$$typeof": Symbol(react.forward_ref),
            "Input": Object {
              "$$typeof": Symbol(react.forward_ref),
              "defaultProps": Object {
                "type": "checkbox",
              },
              "displayName": "FormCheckInput",
              "render": [Function],
            },
            "Label": Object {
              "$$typeof": Symbol(react.forward_ref),
              "defaultProps": Object {
                "type": "checkbox",
              },
              "displayName": "FormCheckLabel",
              "render": [Function],
            },
            "defaultProps": Object {
              "disabled": false,
              "inline": false,
              "isInvalid": false,
              "isValid": false,
              "title": "",
              "type": "checkbox",
            },
            "displayName": "FormCheck",
            "render": [Function],
          },
          "Control": Object {
            "$$typeof": Symbol(react.forward_ref),
            "Feedback": Object {
              "$$typeof": Symbol(react.forward_ref),
              "defaultProps": Object {
                "type": "valid",
              },
              "displayName": "Feedback",
              "propTypes": Object {
                "as": [Function],
                "type": [Function],
              },
              "render": [Function],
            },
            "displayName": "FormControl",
            "render": [Function],
          },
          "Group": Object {
            "$$typeof": Symbol(react.forward_ref),
            "displayName": "FormGroup",
            "render": [Function],
          },
          "Label": Object {
            "$$typeof": Symbol(react.forward_ref),
            "defaultProps": Object {
              "column": false,
              "srOnly": false,
            },
            "displayName": "FormLabel",
            "render": [Function],
          },
          "Row": Object {
            "$$typeof": Symbol(react.forward_ref),
            "defaultProps": undefined,
            "displayName": "FormRow",
            "render": [Function],
          },
          "Text": Object {
            "$$typeof": Symbol(react.forward_ref),
            "displayName": "FormText",
            "render": [Function],
          },
          "defaultProps": Object {
            "inline": false,
          },
          "displayName": "Form",
          "render": [Function],
        },
      },
      "type": Object {
        "$$typeof": Symbol(react.forward_ref),
        "displayName": "Col",
        "render": [Function],
      },
    },
    "type": Object {
      "$$typeof": Symbol(react.forward_ref),
      "defaultProps": undefined,
      "displayName": "Bootstrap(Row)",
      "propTypes": undefined,
      "render": [Function],
    },
  },
  Symbol(enzyme.__nodes__): Array [
    Object {
      "instance": null,
      "key": undefined,
      "nodeType": "function",
      "props": Object {
        "children": <ForwardRef
          className="px-0"
        >
          <ForwardRef
            className="needs-validation"
            inline={false}
            method="POST"
            noValidate={true}
            onSubmit={[Function]}
          >
            <ForwardRef(render)>
              <ForwardRef
                autoFocus={true}
                className="new-subtask-name was-validated"
                maxLength={40}
                minLength={1}
                onChange={[Function]}
                placeholder="Enter subtask name here..."
                required={true}
                size="sm"
              />
              <ForwardRef>
                <ForwardRef
                  active={false}
                  className="subtask-save-button"
                  disabled={false}
                  size="sm"
                  type="submit"
                  variant="outline-primary"
                >
                  <img
                    alt="Accept"
                    src="accept.svg"
                  />
                </ForwardRef>
              </ForwardRef>
              <div
                className="valid-feedback"
              >
                Looks good!
              </div>
              <div
                className="invalid-feedback"
              >
                Please provide subtask name.
              </div>
            </ForwardRef(render)>
          </ForwardRef>
        </ForwardRef>,
        "className": "subtask-row my-0 mx-0 px-2 rounded",
      },
      "ref": null,
      "rendered": Object {
        "instance": null,
        "key": undefined,
        "nodeType": "function",
        "props": Object {
          "children": <ForwardRef
            className="needs-validation"
            inline={false}
            method="POST"
            noValidate={true}
            onSubmit={[Function]}
          >
            <ForwardRef(render)>
              <ForwardRef
                autoFocus={true}
                className="new-subtask-name was-validated"
                maxLength={40}
                minLength={1}
                onChange={[Function]}
                placeholder="Enter subtask name here..."
                required={true}
                size="sm"
              />
              <ForwardRef>
                <ForwardRef
                  active={false}
                  className="subtask-save-button"
                  disabled={false}
                  size="sm"
                  type="submit"
                  variant="outline-primary"
                >
                  <img
                    alt="Accept"
                    src="accept.svg"
                  />
                </ForwardRef>
              </ForwardRef>
              <div
                className="valid-feedback"
              >
                Looks good!
              </div>
              <div
                className="invalid-feedback"
              >
                Please provide subtask name.
              </div>
            </ForwardRef(render)>
          </ForwardRef>,
          "className": "px-0",
        },
        "ref": null,
        "rendered": Object {
          "instance": null,
          "key": undefined,
          "nodeType": "function",
          "props": Object {
            "_id": undefined,
            "children": <ForwardRef(render)>
              <ForwardRef
                autoFocus={true}
                className="new-subtask-name was-validated"
                maxLength={40}
                minLength={1}
                onChange={[Function]}
                placeholder="Enter subtask name here..."
                required={true}
                size="sm"
              />
              <ForwardRef>
                <ForwardRef
                  active={false}
                  className="subtask-save-button"
                  disabled={false}
                  size="sm"
                  type="submit"
                  variant="outline-primary"
                >
                  <img
                    alt="Accept"
                    src="accept.svg"
                  />
                </ForwardRef>
              </ForwardRef>
              <div
                className="valid-feedback"
              >
                Looks good!
              </div>
              <div
                className="invalid-feedback"
              >
                Please provide subtask name.
              </div>
            </ForwardRef(render)>,
            "className": "needs-validation",
            "inline": false,
            "method": "POST",
            "noValidate": true,
            "onSubmit": [Function],
          },
          "ref": [Function],
          "rendered": Object {
            "instance": null,
            "key": undefined,
            "nodeType": "function",
            "props": Object {
              "children": Array [
                <ForwardRef
                  autoFocus={true}
                  className="new-subtask-name was-validated"
                  maxLength={40}
                  minLength={1}
                  onChange={[Function]}
                  placeholder="Enter subtask name here..."
                  required={true}
                  size="sm"
                />,
                <ForwardRef>
                  <ForwardRef
                    active={false}
                    className="subtask-save-button"
                    disabled={false}
                    size="sm"
                    type="submit"
                    variant="outline-primary"
                  >
                    <img
                      alt="Accept"
                      src="accept.svg"
                    />
                  </ForwardRef>
                </ForwardRef>,
                <div
                  className="valid-feedback"
                >
                  Looks good!
                </div>,
                <div
                  className="invalid-feedback"
                >
                  Please provide subtask name.
                </div>,
              ],
            },
            "ref": null,
            "rendered": Array [
              Object {
                "instance": null,
                "key": undefined,
                "nodeType": "function",
                "props": Object {
                  "autoFocus": true,
                  "className": "new-subtask-name was-validated",
                  "defaultValue": undefined,
                  "maxLength": 40,
                  "minLength": 1,
                  "onChange": [Function],
                  "placeholder": "Enter subtask name here...",
                  "required": true,
                  "size": "sm",
                },
                "ref": [Function],
                "rendered": null,
                "type": Object {
                  "$$typeof": Symbol(react.forward_ref),
                  "Feedback": Object {
                    "$$typeof": Symbol(react.forward_ref),
                    "defaultProps": Object {
                      "type": "valid",
                    },
                    "displayName": "Feedback",
                    "propTypes": Object {
                      "as": [Function],
                      "type": [Function],
                    },
                    "render": [Function],
                  },
                  "displayName": "FormControl",
                  "render": [Function],
                },
              },
              Object {
                "instance": null,
                "key": undefined,
                "nodeType": "function",
                "props": Object {
                  "children": <ForwardRef
                    active={false}
                    className="subtask-save-button"
                    disabled={false}
                    size="sm"
                    type="submit"
                    variant="outline-primary"
                  >
                    <img
                      alt="Accept"
                      src="accept.svg"
                    />
                  </ForwardRef>,
                },
                "ref": null,
                "rendered": Object {
                  "instance": null,
                  "key": undefined,
                  "nodeType": "function",
                  "props": Object {
                    "active": false,
                    "children": <img
                      alt="Accept"
                      src="accept.svg"
                    />,
                    "className": "subtask-save-button",
                    "disabled": false,
                    "size": "sm",
                    "type": "submit",
                    "variant": "outline-primary",
                  },
                  "ref": null,
                  "rendered": Object {
                    "instance": null,
                    "key": undefined,
                    "nodeType": "host",
                    "props": Object {
                      "alt": "Accept",
                      "src": "accept.svg",
                    },
                    "ref": null,
                    "rendered": null,
                    "type": "img",
                  },
                  "type": Object {
                    "$$typeof": Symbol(react.forward_ref),
                    "defaultProps": Object {
                      "active": false,
                      "disabled": false,
                      "type": "button",
                      "variant": "primary",
                    },
                    "displayName": "Button",
                    "render": [Function],
                  },
                },
                "type": Object {
                  "$$typeof": Symbol(react.forward_ref),
                  "defaultProps": undefined,
                  "displayName": "InputGroupAppend",
                  "render": [Function],
                },
              },
              Object {
                "instance": null,
                "key": undefined,
                "nodeType": "host",
                "props": Object {
                  "children": "Looks good!",
                  "className": "valid-feedback",
                },
                "ref": null,
                "rendered": "Looks good!",
                "type": "div",
              },
              Object {
                "instance": null,
                "key": undefined,
                "nodeType": "host",
                "props": Object {
                  "children": "Please provide subtask name.",
                  "className": "invalid-feedback",
                },
                "ref": null,
                "rendered": "Please provide subtask name.",
                "type": "div",
              },
            ],
            "type": Object {
              "$$typeof": Symbol(react.forward_ref),
              "Append": Object {
                "$$typeof": Symbol(react.forward_ref),
                "defaultProps": undefined,
                "displayName": "InputGroupAppend",
                "render": [Function],
              },
              "Checkbox": [Function],
              "Prepend": Object {
                "$$typeof": Symbol(react.forward_ref),
                "defaultProps": undefined,
                "displayName": "InputGroupPrepend",
                "render": [Function],
              },
              "Radio": [Function],
              "Text": Object {
                "$$typeof": Symbol(react.forward_ref),
                "defaultProps": undefined,
                "displayName": "InputGroupText",
                "render": [Function],
              },
              "defaultProps": undefined,
              "displayName": "Bootstrap(InputGroup)",
              "propTypes": undefined,
              "render": [Function],
            },
          },
          "type": Object {
            "$$typeof": Symbol(react.forward_ref),
            "Check": Object {
              "$$typeof": Symbol(react.forward_ref),
              "Input": Object {
                "$$typeof": Symbol(react.forward_ref),
                "defaultProps": Object {
                  "type": "checkbox",
                },
                "displayName": "FormCheckInput",
                "render": [Function],
              },
              "Label": Object {
                "$$typeof": Symbol(react.forward_ref),
                "defaultProps": Object {
                  "type": "checkbox",
                },
                "displayName": "FormCheckLabel",
                "render": [Function],
              },
              "defaultProps": Object {
                "disabled": false,
                "inline": false,
                "isInvalid": false,
                "isValid": false,
                "title": "",
                "type": "checkbox",
              },
              "displayName": "FormCheck",
              "render": [Function],
            },
            "Control": Object {
              "$$typeof": Symbol(react.forward_ref),
              "Feedback": Object {
                "$$typeof": Symbol(react.forward_ref),
                "defaultProps": Object {
                  "type": "valid",
                },
                "displayName": "Feedback",
                "propTypes": Object {
                  "as": [Function],
                  "type": [Function],
                },
                "render": [Function],
              },
              "displayName": "FormControl",
              "render": [Function],
            },
            "Group": Object {
              "$$typeof": Symbol(react.forward_ref),
              "displayName": "FormGroup",
              "render": [Function],
            },
            "Label": Object {
              "$$typeof": Symbol(react.forward_ref),
              "defaultProps": Object {
                "column": false,
                "srOnly": false,
              },
              "displayName": "FormLabel",
              "render": [Function],
            },
            "Row": Object {
              "$$typeof": Symbol(react.forward_ref),
              "defaultProps": undefined,
              "displayName": "FormRow",
              "render": [Function],
            },
            "Text": Object {
              "$$typeof": Symbol(react.forward_ref),
              "displayName": "FormText",
              "render": [Function],
            },
            "defaultProps": Object {
              "inline": false,
            },
            "displayName": "Form",
            "render": [Function],
          },
        },
        "type": Object {
          "$$typeof": Symbol(react.forward_ref),
          "displayName": "Col",
          "render": [Function],
        },
      },
      "type": Object {
        "$$typeof": Symbol(react.forward_ref),
        "defaultProps": undefined,
        "displayName": "Bootstrap(Row)",
        "propTypes": undefined,
        "render": [Function],
      },
    },
  ],
  Symbol(enzyme.__options__): Object {
    "adapter": ReactSixteenAdapter {
      "options": Object {
        "enableComponentDidUpdateOnSetState": true,
        "legacyContextMode": "parent",
        "lifecycles": Object {
          "componentDidUpdate": Object {
            "onSetState": true,
          },
          "getChildContext": Object {
            "calledByRenderer": false,
          },
          "getDerivedStateFromError": true,
          "getDerivedStateFromProps": Object {
            "hasShouldComponentUpdateBug": false,
          },
          "getSnapshotBeforeUpdate": true,
          "setState": Object {
            "skipsComponentDidUpdateOnNullish": true,
          },
        },
      },
    },
  },
  Symbol(enzyme.__childContext__): null,
}
`;
