// Jest Snapshot v1, https://goo.gl/fbAQLP

exports[`SubtaskFilterButton component should render correctly and match the snapshot 1`] = `ShallowWrapper {}`;
