// Jest Snapshot v1, https://goo.gl/fbAQLP

exports[`SubTaskItem component should render correctly with no props 1`] = `
ShallowWrapper {
  Symbol(enzyme.__root__): [Circular],
  Symbol(enzyme.__unrendered__): <Subtask />,
  Symbol(enzyme.__renderer__): Object {
    "batchedUpdates": [Function],
    "checkPropTypes": [Function],
    "getNode": [Function],
    "render": [Function],
    "simulateError": [Function],
    "simulateEvent": [Function],
    "unmount": [Function],
  },
  Symbol(enzyme.__node__): Object {
    "instance": null,
    "key": undefined,
    "nodeType": "function",
    "props": Object {
      "children": Array [
        <ForwardRef
          as="div"
          className="d-flex justify-content-sm-start col-sm-11"
        >
          <ForwardRef
            custom={true}
            disabled={false}
            inline={false}
            isInvalid={false}
            isValid={false}
            title=""
            type="checkbox"
          >
            <ForwardRef
              onChange={[Function]}
              type="checkbox"
            />
            <ForwardRef
              type="checkbox"
            />
          </ForwardRef>
        </ForwardRef>,
        <ForwardRef
          as="div"
          className="d-flex justify-content-sm-end col-sm-1"
        >
          <ForwardRef
            active={false}
            as="input"
            disabled={false}
            onClick={[Function]}
            size="sm"
            type="button"
            value="x"
            variant="outline-danger"
          />
        </ForwardRef>,
      ],
      "className": "mb-1",
    },
    "ref": null,
    "rendered": Array [
      Object {
        "instance": null,
        "key": undefined,
        "nodeType": "function",
        "props": Object {
          "as": "div",
          "children": <ForwardRef
            custom={true}
            disabled={false}
            inline={false}
            isInvalid={false}
            isValid={false}
            title=""
            type="checkbox"
          >
            <ForwardRef
              onChange={[Function]}
              type="checkbox"
            />
            <ForwardRef
              type="checkbox"
            />
          </ForwardRef>,
          "className": "d-flex justify-content-sm-start col-sm-11",
        },
        "ref": null,
        "rendered": Object {
          "instance": null,
          "key": undefined,
          "nodeType": "function",
          "props": Object {
            "children": Array [
              <ForwardRef
                onChange={[Function]}
                type="checkbox"
              />,
              <ForwardRef
                type="checkbox"
              />,
            ],
            "custom": true,
            "disabled": false,
            "id": undefined,
            "inline": false,
            "isInvalid": false,
            "isValid": false,
            "title": "",
            "type": "checkbox",
          },
          "ref": null,
          "rendered": Array [
            Object {
              "instance": null,
              "key": undefined,
              "nodeType": "function",
              "props": Object {
                "checked": undefined,
                "onChange": [Function],
                "type": "checkbox",
              },
              "ref": null,
              "rendered": null,
              "type": Object {
                "$$typeof": Symbol(react.forward_ref),
                "defaultProps": Object {
                  "type": "checkbox",
                },
                "displayName": "FormCheckInput",
                "render": [Function],
              },
            },
            Object {
              "instance": null,
              "key": undefined,
              "nodeType": "function",
              "props": Object {
                "children": undefined,
                "className": undefined,
                "type": "checkbox",
              },
              "ref": null,
              "rendered": null,
              "type": Object {
                "$$typeof": Symbol(react.forward_ref),
                "defaultProps": Object {
                  "type": "checkbox",
                },
                "displayName": "FormCheckLabel",
                "render": [Function],
              },
            },
          ],
          "type": Object {
            "$$typeof": Symbol(react.forward_ref),
            "Input": Object {
              "$$typeof": Symbol(react.forward_ref),
              "defaultProps": Object {
                "type": "checkbox",
              },
              "displayName": "FormCheckInput",
              "render": [Function],
            },
            "Label": Object {
              "$$typeof": Symbol(react.forward_ref),
              "defaultProps": Object {
                "type": "checkbox",
              },
              "displayName": "FormCheckLabel",
              "render": [Function],
            },
            "defaultProps": Object {
              "disabled": false,
              "inline": false,
              "isInvalid": false,
              "isValid": false,
              "title": "",
              "type": "checkbox",
            },
            "displayName": "FormCheck",
            "render": [Function],
          },
        },
        "type": Object {
          "$$typeof": Symbol(react.forward_ref),
          "defaultProps": Object {
            "as": "div",
          },
          "displayName": "Col",
          "render": [Function],
        },
      },
      Object {
        "instance": null,
        "key": undefined,
        "nodeType": "function",
        "props": Object {
          "as": "div",
          "children": <ForwardRef
            active={false}
            as="input"
            disabled={false}
            onClick={[Function]}
            size="sm"
            type="button"
            value="x"
            variant="outline-danger"
          />,
          "className": "d-flex justify-content-sm-end col-sm-1",
        },
        "ref": null,
        "rendered": Object {
          "instance": null,
          "key": undefined,
          "nodeType": "function",
          "props": Object {
            "active": false,
            "as": "input",
            "disabled": false,
            "onClick": [Function],
            "size": "sm",
            "type": "button",
            "value": "x",
            "variant": "outline-danger",
          },
          "ref": null,
          "rendered": null,
          "type": Object {
            "$$typeof": Symbol(react.forward_ref),
            "defaultProps": Object {
              "active": false,
              "disabled": false,
              "type": "button",
              "variant": "primary",
            },
            "displayName": "Button",
            "render": [Function],
          },
        },
        "type": Object {
          "$$typeof": Symbol(react.forward_ref),
          "defaultProps": Object {
            "as": "div",
          },
          "displayName": "Col",
          "render": [Function],
        },
      },
    ],
    "type": Object {
      "$$typeof": Symbol(react.forward_ref),
      "defaultProps": undefined,
      "displayName": "Bootstrap(Row)",
      "propTypes": undefined,
      "render": [Function],
    },
  },
  Symbol(enzyme.__nodes__): Array [
    Object {
      "instance": null,
      "key": undefined,
      "nodeType": "function",
      "props": Object {
        "children": Array [
          <ForwardRef
            as="div"
            className="d-flex justify-content-sm-start col-sm-11"
          >
            <ForwardRef
              custom={true}
              disabled={false}
              inline={false}
              isInvalid={false}
              isValid={false}
              title=""
              type="checkbox"
            >
              <ForwardRef
                onChange={[Function]}
                type="checkbox"
              />
              <ForwardRef
                type="checkbox"
              />
            </ForwardRef>
          </ForwardRef>,
          <ForwardRef
            as="div"
            className="d-flex justify-content-sm-end col-sm-1"
          >
            <ForwardRef
              active={false}
              as="input"
              disabled={false}
              onClick={[Function]}
              size="sm"
              type="button"
              value="x"
              variant="outline-danger"
            />
          </ForwardRef>,
        ],
        "className": "mb-1",
      },
      "ref": null,
      "rendered": Array [
        Object {
          "instance": null,
          "key": undefined,
          "nodeType": "function",
          "props": Object {
            "as": "div",
            "children": <ForwardRef
              custom={true}
              disabled={false}
              inline={false}
              isInvalid={false}
              isValid={false}
              title=""
              type="checkbox"
            >
              <ForwardRef
                onChange={[Function]}
                type="checkbox"
              />
              <ForwardRef
                type="checkbox"
              />
            </ForwardRef>,
            "className": "d-flex justify-content-sm-start col-sm-11",
          },
          "ref": null,
          "rendered": Object {
            "instance": null,
            "key": undefined,
            "nodeType": "function",
            "props": Object {
              "children": Array [
                <ForwardRef
                  onChange={[Function]}
                  type="checkbox"
                />,
                <ForwardRef
                  type="checkbox"
                />,
              ],
              "custom": true,
              "disabled": false,
              "id": undefined,
              "inline": false,
              "isInvalid": false,
              "isValid": false,
              "title": "",
              "type": "checkbox",
            },
            "ref": null,
            "rendered": Array [
              Object {
                "instance": null,
                "key": undefined,
                "nodeType": "function",
                "props": Object {
                  "checked": undefined,
                  "onChange": [Function],
                  "type": "checkbox",
                },
                "ref": null,
                "rendered": null,
                "type": Object {
                  "$$typeof": Symbol(react.forward_ref),
                  "defaultProps": Object {
                    "type": "checkbox",
                  },
                  "displayName": "FormCheckInput",
                  "render": [Function],
                },
              },
              Object {
                "instance": null,
                "key": undefined,
                "nodeType": "function",
                "props": Object {
                  "children": undefined,
                  "className": undefined,
                  "type": "checkbox",
                },
                "ref": null,
                "rendered": null,
                "type": Object {
                  "$$typeof": Symbol(react.forward_ref),
                  "defaultProps": Object {
                    "type": "checkbox",
                  },
                  "displayName": "FormCheckLabel",
                  "render": [Function],
                },
              },
            ],
            "type": Object {
              "$$typeof": Symbol(react.forward_ref),
              "Input": Object {
                "$$typeof": Symbol(react.forward_ref),
                "defaultProps": Object {
                  "type": "checkbox",
                },
                "displayName": "FormCheckInput",
                "render": [Function],
              },
              "Label": Object {
                "$$typeof": Symbol(react.forward_ref),
                "defaultProps": Object {
                  "type": "checkbox",
                },
                "displayName": "FormCheckLabel",
                "render": [Function],
              },
              "defaultProps": Object {
                "disabled": false,
                "inline": false,
                "isInvalid": false,
                "isValid": false,
                "title": "",
                "type": "checkbox",
              },
              "displayName": "FormCheck",
              "render": [Function],
            },
          },
          "type": Object {
            "$$typeof": Symbol(react.forward_ref),
            "defaultProps": Object {
              "as": "div",
            },
            "displayName": "Col",
            "render": [Function],
          },
        },
        Object {
          "instance": null,
          "key": undefined,
          "nodeType": "function",
          "props": Object {
            "as": "div",
            "children": <ForwardRef
              active={false}
              as="input"
              disabled={false}
              onClick={[Function]}
              size="sm"
              type="button"
              value="x"
              variant="outline-danger"
            />,
            "className": "d-flex justify-content-sm-end col-sm-1",
          },
          "ref": null,
          "rendered": Object {
            "instance": null,
            "key": undefined,
            "nodeType": "function",
            "props": Object {
              "active": false,
              "as": "input",
              "disabled": false,
              "onClick": [Function],
              "size": "sm",
              "type": "button",
              "value": "x",
              "variant": "outline-danger",
            },
            "ref": null,
            "rendered": null,
            "type": Object {
              "$$typeof": Symbol(react.forward_ref),
              "defaultProps": Object {
                "active": false,
                "disabled": false,
                "type": "button",
                "variant": "primary",
              },
              "displayName": "Button",
              "render": [Function],
            },
          },
          "type": Object {
            "$$typeof": Symbol(react.forward_ref),
            "defaultProps": Object {
              "as": "div",
            },
            "displayName": "Col",
            "render": [Function],
          },
        },
      ],
      "type": Object {
        "$$typeof": Symbol(react.forward_ref),
        "defaultProps": undefined,
        "displayName": "Bootstrap(Row)",
        "propTypes": undefined,
        "render": [Function],
      },
    },
  ],
  Symbol(enzyme.__options__): Object {
    "adapter": ReactSixteenAdapter {
      "options": Object {
        "enableComponentDidUpdateOnSetState": true,
        "legacyContextMode": "parent",
        "lifecycles": Object {
          "componentDidUpdate": Object {
            "onSetState": true,
          },
          "getChildContext": Object {
            "calledByRenderer": false,
          },
          "getDerivedStateFromError": true,
          "getDerivedStateFromProps": Object {
            "hasShouldComponentUpdateBug": false,
          },
          "getSnapshotBeforeUpdate": true,
          "setState": Object {
            "skipsComponentDidUpdateOnNullish": true,
          },
        },
      },
    },
  },
  Symbol(enzyme.__childContext__): null,
}
`;
