// Jest Snapshot v1, https://goo.gl/fbAQLP

exports[`DeleteTask should render correctly 1`] = `
ShallowWrapper {
  Symbol(enzyme.__root__): [Circular],
  Symbol(enzyme.__unrendered__): <DeleteTask />,
  Symbol(enzyme.__renderer__): Object {
    "batchedUpdates": [Function],
    "checkPropTypes": [Function],
    "getNode": [Function],
    "render": [Function],
    "simulateError": [Function],
    "simulateEvent": [Function],
    "unmount": [Function],
  },
  Symbol(enzyme.__node__): Object {
    "instance": null,
    "key": undefined,
    "nodeType": "function",
    "props": Object {
      "aria-labelledby": "contained-modal-title-center",
      "centered": true,
      "children": Array [
        <ForwardRef
          closeButton={false}
          closeLabel="Close"
        >
          <ForwardRef>
            Delete task
          </ForwardRef>
        </ForwardRef>,
        <ForwardRef>
          <p>
            Are you sure ?
          </p>
        </ForwardRef>,
        <ForwardRef>
          <ForwardRef
            active={false}
            disabled={false}
            onClick={[Function]}
            type="button"
            variant="outline-primary"
          >
            Cancel
          </ForwardRef>
          <ForwardRef
            active={false}
            disabled={false}
            onClick={[Function]}
            type="button"
            variant="outline-danger"
          >
            Delete
          </ForwardRef>
        </ForwardRef>,
      ],
      "className": "delete-modal-window",
      "onHide": [Function],
      "show": undefined,
    },
    "ref": null,
    "rendered": Array [
      Object {
        "instance": null,
        "key": undefined,
        "nodeType": "function",
        "props": Object {
          "children": <ForwardRef>
            Delete task
          </ForwardRef>,
          "closeButton": false,
          "closeLabel": "Close",
        },
        "ref": null,
        "rendered": Object {
          "instance": null,
          "key": undefined,
          "nodeType": "function",
          "props": Object {
            "children": "Delete task",
          },
          "ref": null,
          "rendered": "Delete task",
          "type": Object {
            "$$typeof": Symbol(react.forward_ref),
            "defaultProps": undefined,
            "displayName": "ModalTitle",
            "render": [Function],
          },
        },
        "type": Object {
          "$$typeof": Symbol(react.forward_ref),
          "defaultProps": Object {
            "closeButton": false,
            "closeLabel": "Close",
          },
          "displayName": "ModalHeader",
          "render": [Function],
        },
      },
      Object {
        "instance": null,
        "key": undefined,
        "nodeType": "function",
        "props": Object {
          "children": <p>
            Are you sure ?
          </p>,
        },
        "ref": null,
        "rendered": Object {
          "instance": null,
          "key": undefined,
          "nodeType": "host",
          "props": Object {
            "children": "Are you sure ?",
          },
          "ref": null,
          "rendered": "Are you sure ?",
          "type": "p",
        },
        "type": Object {
          "$$typeof": Symbol(react.forward_ref),
          "defaultProps": undefined,
          "displayName": "ModalBody",
          "render": [Function],
        },
      },
      Object {
        "instance": null,
        "key": undefined,
        "nodeType": "function",
        "props": Object {
          "children": Array [
            <ForwardRef
              active={false}
              disabled={false}
              onClick={[Function]}
              type="button"
              variant="outline-primary"
            >
              Cancel
            </ForwardRef>,
            <ForwardRef
              active={false}
              disabled={false}
              onClick={[Function]}
              type="button"
              variant="outline-danger"
            >
              Delete
            </ForwardRef>,
          ],
        },
        "ref": null,
        "rendered": Array [
          Object {
            "instance": null,
            "key": undefined,
            "nodeType": "function",
            "props": Object {
              "active": false,
              "children": "Cancel",
              "disabled": false,
              "onClick": [Function],
              "type": "button",
              "variant": "outline-primary",
            },
            "ref": null,
            "rendered": "Cancel",
            "type": Object {
              "$$typeof": Symbol(react.forward_ref),
              "defaultProps": Object {
                "active": false,
                "disabled": false,
                "type": "button",
                "variant": "primary",
              },
              "displayName": "Button",
              "render": [Function],
            },
          },
          Object {
            "instance": null,
            "key": undefined,
            "nodeType": "function",
            "props": Object {
              "active": false,
              "children": "Delete",
              "disabled": false,
              "onClick": [Function],
              "type": "button",
              "variant": "outline-danger",
            },
            "ref": null,
            "rendered": "Delete",
            "type": Object {
              "$$typeof": Symbol(react.forward_ref),
              "defaultProps": Object {
                "active": false,
                "disabled": false,
                "type": "button",
                "variant": "primary",
              },
              "displayName": "Button",
              "render": [Function],
            },
          },
        ],
        "type": Object {
          "$$typeof": Symbol(react.forward_ref),
          "defaultProps": undefined,
          "displayName": "ModalFooter",
          "render": [Function],
        },
      },
    ],
    "type": Object {
      "$$typeof": Symbol(react.forward_ref),
      "BACKDROP_TRANSITION_DURATION": 150,
      "Body": Object {
        "$$typeof": Symbol(react.forward_ref),
        "defaultProps": undefined,
        "displayName": "ModalBody",
        "render": [Function],
      },
      "Dialog": Object {
        "$$typeof": Symbol(react.forward_ref),
        "displayName": "ModalDialog",
        "render": [Function],
      },
      "Footer": Object {
        "$$typeof": Symbol(react.forward_ref),
        "defaultProps": undefined,
        "displayName": "ModalFooter",
        "render": [Function],
      },
      "Header": Object {
        "$$typeof": Symbol(react.forward_ref),
        "defaultProps": Object {
          "closeButton": false,
          "closeLabel": "Close",
        },
        "displayName": "ModalHeader",
        "render": [Function],
      },
      "TRANSITION_DURATION": 300,
      "Title": Object {
        "$$typeof": Symbol(react.forward_ref),
        "defaultProps": undefined,
        "displayName": "ModalTitle",
        "render": [Function],
      },
      "defaultProps": undefined,
      "displayName": "Bootstrap(Modal)",
      "propTypes": undefined,
      "render": [Function],
    },
  },
  Symbol(enzyme.__nodes__): Array [
    Object {
      "instance": null,
      "key": undefined,
      "nodeType": "function",
      "props": Object {
        "aria-labelledby": "contained-modal-title-center",
        "centered": true,
        "children": Array [
          <ForwardRef
            closeButton={false}
            closeLabel="Close"
          >
            <ForwardRef>
              Delete task
            </ForwardRef>
          </ForwardRef>,
          <ForwardRef>
            <p>
              Are you sure ?
            </p>
          </ForwardRef>,
          <ForwardRef>
            <ForwardRef
              active={false}
              disabled={false}
              onClick={[Function]}
              type="button"
              variant="outline-primary"
            >
              Cancel
            </ForwardRef>
            <ForwardRef
              active={false}
              disabled={false}
              onClick={[Function]}
              type="button"
              variant="outline-danger"
            >
              Delete
            </ForwardRef>
          </ForwardRef>,
        ],
        "className": "delete-modal-window",
        "onHide": [Function],
        "show": undefined,
      },
      "ref": null,
      "rendered": Array [
        Object {
          "instance": null,
          "key": undefined,
          "nodeType": "function",
          "props": Object {
            "children": <ForwardRef>
              Delete task
            </ForwardRef>,
            "closeButton": false,
            "closeLabel": "Close",
          },
          "ref": null,
          "rendered": Object {
            "instance": null,
            "key": undefined,
            "nodeType": "function",
            "props": Object {
              "children": "Delete task",
            },
            "ref": null,
            "rendered": "Delete task",
            "type": Object {
              "$$typeof": Symbol(react.forward_ref),
              "defaultProps": undefined,
              "displayName": "ModalTitle",
              "render": [Function],
            },
          },
          "type": Object {
            "$$typeof": Symbol(react.forward_ref),
            "defaultProps": Object {
              "closeButton": false,
              "closeLabel": "Close",
            },
            "displayName": "ModalHeader",
            "render": [Function],
          },
        },
        Object {
          "instance": null,
          "key": undefined,
          "nodeType": "function",
          "props": Object {
            "children": <p>
              Are you sure ?
            </p>,
          },
          "ref": null,
          "rendered": Object {
            "instance": null,
            "key": undefined,
            "nodeType": "host",
            "props": Object {
              "children": "Are you sure ?",
            },
            "ref": null,
            "rendered": "Are you sure ?",
            "type": "p",
          },
          "type": Object {
            "$$typeof": Symbol(react.forward_ref),
            "defaultProps": undefined,
            "displayName": "ModalBody",
            "render": [Function],
          },
        },
        Object {
          "instance": null,
          "key": undefined,
          "nodeType": "function",
          "props": Object {
            "children": Array [
              <ForwardRef
                active={false}
                disabled={false}
                onClick={[Function]}
                type="button"
                variant="outline-primary"
              >
                Cancel
              </ForwardRef>,
              <ForwardRef
                active={false}
                disabled={false}
                onClick={[Function]}
                type="button"
                variant="outline-danger"
              >
                Delete
              </ForwardRef>,
            ],
          },
          "ref": null,
          "rendered": Array [
            Object {
              "instance": null,
              "key": undefined,
              "nodeType": "function",
              "props": Object {
                "active": false,
                "children": "Cancel",
                "disabled": false,
                "onClick": [Function],
                "type": "button",
                "variant": "outline-primary",
              },
              "ref": null,
              "rendered": "Cancel",
              "type": Object {
                "$$typeof": Symbol(react.forward_ref),
                "defaultProps": Object {
                  "active": false,
                  "disabled": false,
                  "type": "button",
                  "variant": "primary",
                },
                "displayName": "Button",
                "render": [Function],
              },
            },
            Object {
              "instance": null,
              "key": undefined,
              "nodeType": "function",
              "props": Object {
                "active": false,
                "children": "Delete",
                "disabled": false,
                "onClick": [Function],
                "type": "button",
                "variant": "outline-danger",
              },
              "ref": null,
              "rendered": "Delete",
              "type": Object {
                "$$typeof": Symbol(react.forward_ref),
                "defaultProps": Object {
                  "active": false,
                  "disabled": false,
                  "type": "button",
                  "variant": "primary",
                },
                "displayName": "Button",
                "render": [Function],
              },
            },
          ],
          "type": Object {
            "$$typeof": Symbol(react.forward_ref),
            "defaultProps": undefined,
            "displayName": "ModalFooter",
            "render": [Function],
          },
        },
      ],
      "type": Object {
        "$$typeof": Symbol(react.forward_ref),
        "BACKDROP_TRANSITION_DURATION": 150,
        "Body": Object {
          "$$typeof": Symbol(react.forward_ref),
          "defaultProps": undefined,
          "displayName": "ModalBody",
          "render": [Function],
        },
        "Dialog": Object {
          "$$typeof": Symbol(react.forward_ref),
          "displayName": "ModalDialog",
          "render": [Function],
        },
        "Footer": Object {
          "$$typeof": Symbol(react.forward_ref),
          "defaultProps": undefined,
          "displayName": "ModalFooter",
          "render": [Function],
        },
        "Header": Object {
          "$$typeof": Symbol(react.forward_ref),
          "defaultProps": Object {
            "closeButton": false,
            "closeLabel": "Close",
          },
          "displayName": "ModalHeader",
          "render": [Function],
        },
        "TRANSITION_DURATION": 300,
        "Title": Object {
          "$$typeof": Symbol(react.forward_ref),
          "defaultProps": undefined,
          "displayName": "ModalTitle",
          "render": [Function],
        },
        "defaultProps": undefined,
        "displayName": "Bootstrap(Modal)",
        "propTypes": undefined,
        "render": [Function],
      },
    },
  ],
  Symbol(enzyme.__options__): Object {
    "adapter": ReactSixteenAdapter {
      "options": Object {
        "enableComponentDidUpdateOnSetState": true,
        "legacyContextMode": "parent",
        "lifecycles": Object {
          "componentDidUpdate": Object {
            "onSetState": true,
          },
          "getChildContext": Object {
            "calledByRenderer": false,
          },
          "getDerivedStateFromError": true,
          "getDerivedStateFromProps": Object {
            "hasShouldComponentUpdateBug": false,
          },
          "getSnapshotBeforeUpdate": true,
          "setState": Object {
            "skipsComponentDidUpdateOnNullish": true,
          },
        },
      },
    },
  },
  Symbol(enzyme.__childContext__): null,
}
`;
