// Jest Snapshot v1, https://goo.gl/fbAQLP

exports[`TaskDetailsModal should render Modal window correctly 1`] = `ShallowWrapper {}`;
