// Jest Snapshot v1, https://goo.gl/fbAQLP

exports[`SubTaskProgressBar component should render correctly and match the snapshot 1`] = `
ShallowWrapper {
  Symbol(enzyme.__root__): [Circular],
  Symbol(enzyme.__unrendered__): <SubTaskProgressBar />,
  Symbol(enzyme.__renderer__): Object {
    "batchedUpdates": [Function],
    "checkPropTypes": [Function],
    "getNode": [Function],
    "render": [Function],
    "simulateError": [Function],
    "simulateEvent": [Function],
    "unmount": [Function],
  },
  Symbol(enzyme.__node__): Object {
    "instance": null,
    "key": undefined,
    "nodeType": "function",
    "props": Object {
      "children": <ForwardRef
        as="div"
        className="px-0 text-center"
      >
        <span>
          Completed: 0%
        </span>
        <ForwardRef(render)
          animated={true}
          className="subtask-progressbar"
          now={0}
          variant="secondary"
        />
      </ForwardRef>,
      "className": "my-2 mt-0 mx-0",
    },
    "ref": null,
    "rendered": Object {
      "instance": null,
      "key": undefined,
      "nodeType": "function",
      "props": Object {
        "as": "div",
        "children": Array [
          <span>
            Completed: 0%
          </span>,
          <ForwardRef(render)
            animated={true}
            className="subtask-progressbar"
            now={0}
            variant="secondary"
          />,
        ],
        "className": "px-0 text-center",
      },
      "ref": null,
      "rendered": Array [
        Object {
          "instance": null,
          "key": undefined,
          "nodeType": "host",
          "props": Object {
            "children": "Completed: 0%",
          },
          "ref": null,
          "rendered": "Completed: 0%",
          "type": "span",
        },
        Object {
          "instance": null,
          "key": undefined,
          "nodeType": "function",
          "props": Object {
            "animated": true,
            "className": "subtask-progressbar",
            "now": 0,
            "variant": "secondary",
          },
          "ref": null,
          "rendered": null,
          "type": Object {
            "$$typeof": Symbol(react.forward_ref),
            "defaultProps": undefined,
            "displayName": "Bootstrap(ProgressBar)",
            "propTypes": undefined,
            "render": [Function],
          },
        },
      ],
      "type": Object {
        "$$typeof": Symbol(react.forward_ref),
        "defaultProps": Object {
          "as": "div",
        },
        "displayName": "Col",
        "render": [Function],
      },
    },
    "type": Object {
      "$$typeof": Symbol(react.forward_ref),
      "defaultProps": undefined,
      "displayName": "Bootstrap(Row)",
      "propTypes": undefined,
      "render": [Function],
    },
  },
  Symbol(enzyme.__nodes__): Array [
    Object {
      "instance": null,
      "key": undefined,
      "nodeType": "function",
      "props": Object {
        "children": <ForwardRef
          as="div"
          className="px-0 text-center"
        >
          <span>
            Completed: 0%
          </span>
          <ForwardRef(render)
            animated={true}
            className="subtask-progressbar"
            now={0}
            variant="secondary"
          />
        </ForwardRef>,
        "className": "my-2 mt-0 mx-0",
      },
      "ref": null,
      "rendered": Object {
        "instance": null,
        "key": undefined,
        "nodeType": "function",
        "props": Object {
          "as": "div",
          "children": Array [
            <span>
              Completed: 0%
            </span>,
            <ForwardRef(render)
              animated={true}
              className="subtask-progressbar"
              now={0}
              variant="secondary"
            />,
          ],
          "className": "px-0 text-center",
        },
        "ref": null,
        "rendered": Array [
          Object {
            "instance": null,
            "key": undefined,
            "nodeType": "host",
            "props": Object {
              "children": "Completed: 0%",
            },
            "ref": null,
            "rendered": "Completed: 0%",
            "type": "span",
          },
          Object {
            "instance": null,
            "key": undefined,
            "nodeType": "function",
            "props": Object {
              "animated": true,
              "className": "subtask-progressbar",
              "now": 0,
              "variant": "secondary",
            },
            "ref": null,
            "rendered": null,
            "type": Object {
              "$$typeof": Symbol(react.forward_ref),
              "defaultProps": undefined,
              "displayName": "Bootstrap(ProgressBar)",
              "propTypes": undefined,
              "render": [Function],
            },
          },
        ],
        "type": Object {
          "$$typeof": Symbol(react.forward_ref),
          "defaultProps": Object {
            "as": "div",
          },
          "displayName": "Col",
          "render": [Function],
        },
      },
      "type": Object {
        "$$typeof": Symbol(react.forward_ref),
        "defaultProps": undefined,
        "displayName": "Bootstrap(Row)",
        "propTypes": undefined,
        "render": [Function],
      },
    },
  ],
  Symbol(enzyme.__options__): Object {
    "adapter": ReactSixteenAdapter {
      "options": Object {
        "enableComponentDidUpdateOnSetState": true,
        "legacyContextMode": "parent",
        "lifecycles": Object {
          "componentDidUpdate": Object {
            "onSetState": true,
          },
          "getChildContext": Object {
            "calledByRenderer": false,
          },
          "getDerivedStateFromError": true,
          "getDerivedStateFromProps": Object {
            "hasShouldComponentUpdateBug": false,
          },
          "getSnapshotBeforeUpdate": true,
          "setState": Object {
            "skipsComponentDidUpdateOnNullish": true,
          },
        },
      },
    },
  },
  Symbol(enzyme.__childContext__): null,
}
`;
