// Jest Snapshot v1, https://goo.gl/fbAQLP

exports[`TaskDetailsModal should render Modal window correctly 1`] = `
ShallowWrapper {
  Symbol(enzyme.__root__): [Circular],
  Symbol(enzyme.__unrendered__): <TaskDetailsModal />,
  Symbol(enzyme.__renderer__): Object {
    "batchedUpdates": [Function],
    "checkPropTypes": [Function],
    "getNode": [Function],
    "render": [Function],
    "simulateError": [Function],
    "simulateEvent": [Function],
    "unmount": [Function],
  },
  Symbol(enzyme.__node__): Object {
    "instance": null,
    "key": undefined,
    "nodeType": "function",
    "props": Object {
      "aria-labelledby": "contained-modal-title-center",
      "centered": true,
      "children": Array [
        <ForwardRef>
          <UNDEFINED
            closeTaskDetails={[Function]}
          />
          <UNDEFINED />
        </ForwardRef>,
        <ForwardRef
          active={false}
          className="delete-task-details-button float-right"
          disabled={false}
          onClick={[Function]}
          type="button"
          variant="outline-danger"
        >
          Delete
        </ForwardRef>,
        <UNDEFINED
          closeDeleteModal={[Function]}
          closeTaskDetails={[Function]}
          showDelete={false}
        />,
      ],
      "onHide": [Function],
      "show": undefined,
    },
    "ref": null,
    "rendered": Array [
      Object {
        "instance": null,
        "key": undefined,
        "nodeType": "function",
        "props": Object {
          "children": Array [
            <UNDEFINED
              closeTaskDetails={[Function]}
            />,
            <UNDEFINED />,
          ],
        },
        "ref": null,
        "rendered": Array [
          Object {
            "instance": null,
            "key": undefined,
            "nodeType": "function",
            "props": Object {
              "closeTaskDetails": [Function],
            },
            "ref": null,
            "rendered": null,
            "type": Object {
              "$$typeof": Symbol(react.memo),
              "WrappedComponent": [Function],
              "compare": null,
              "displayName": "Connect(TaskDetails)",
              "type": [Function],
              Symbol(Symbol.hasInstance): [Function],
            },
          },
          Object {
            "instance": null,
            "key": undefined,
            "nodeType": "function",
            "props": Object {},
            "ref": null,
            "rendered": null,
            "type": Object {
              "$$typeof": Symbol(react.memo),
              "WrappedComponent": [Function],
              "compare": null,
              "displayName": "Connect(SubtaskListContainer)",
              "type": [Function],
              Symbol(Symbol.hasInstance): [Function],
            },
          },
        ],
        "type": Object {
          "$$typeof": Symbol(react.forward_ref),
          "defaultProps": undefined,
          "displayName": "ModalBody",
          "render": [Function],
        },
      },
      Object {
        "instance": null,
        "key": undefined,
        "nodeType": "function",
        "props": Object {
          "active": false,
          "children": "Delete",
          "className": "delete-task-details-button float-right",
          "disabled": false,
          "onClick": [Function],
          "type": "button",
          "variant": "outline-danger",
        },
        "ref": null,
        "rendered": "Delete",
        "type": Object {
          "$$typeof": Symbol(react.forward_ref),
          "defaultProps": Object {
            "active": false,
            "disabled": false,
            "type": "button",
            "variant": "primary",
          },
          "displayName": "Button",
          "render": [Function],
        },
      },
      Object {
        "instance": null,
        "key": undefined,
        "nodeType": "function",
        "props": Object {
          "closeDeleteModal": [Function],
          "closeTaskDetails": [Function],
          "showDelete": false,
        },
        "ref": null,
        "rendered": null,
        "type": Object {
          "$$typeof": Symbol(react.memo),
          "WrappedComponent": [Function],
          "compare": null,
          "displayName": "Connect(DeleteTask)",
          "type": [Function],
          Symbol(Symbol.hasInstance): [Function],
        },
      },
    ],
    "type": Object {
      "$$typeof": Symbol(react.forward_ref),
      "BACKDROP_TRANSITION_DURATION": 150,
      "Body": Object {
        "$$typeof": Symbol(react.forward_ref),
        "defaultProps": undefined,
        "displayName": "ModalBody",
        "render": [Function],
      },
      "Dialog": Object {
        "$$typeof": Symbol(react.forward_ref),
        "displayName": "ModalDialog",
        "render": [Function],
      },
      "Footer": Object {
        "$$typeof": Symbol(react.forward_ref),
        "defaultProps": undefined,
        "displayName": "ModalFooter",
        "render": [Function],
      },
      "Header": Object {
        "$$typeof": Symbol(react.forward_ref),
        "defaultProps": Object {
          "closeButton": false,
          "closeLabel": "Close",
        },
        "displayName": "ModalHeader",
        "render": [Function],
      },
      "TRANSITION_DURATION": 300,
      "Title": Object {
        "$$typeof": Symbol(react.forward_ref),
        "defaultProps": undefined,
        "displayName": "ModalTitle",
        "render": [Function],
      },
      "defaultProps": undefined,
      "displayName": "Bootstrap(Modal)",
      "propTypes": undefined,
      "render": [Function],
    },
  },
  Symbol(enzyme.__nodes__): Array [
    Object {
      "instance": null,
      "key": undefined,
      "nodeType": "function",
      "props": Object {
        "aria-labelledby": "contained-modal-title-center",
        "centered": true,
        "children": Array [
          <ForwardRef>
            <UNDEFINED
              closeTaskDetails={[Function]}
            />
            <UNDEFINED />
          </ForwardRef>,
          <ForwardRef
            active={false}
            className="delete-task-details-button float-right"
            disabled={false}
            onClick={[Function]}
            type="button"
            variant="outline-danger"
          >
            Delete
          </ForwardRef>,
          <UNDEFINED
            closeDeleteModal={[Function]}
            closeTaskDetails={[Function]}
            showDelete={false}
          />,
        ],
        "onHide": [Function],
        "show": undefined,
      },
      "ref": null,
      "rendered": Array [
        Object {
          "instance": null,
          "key": undefined,
          "nodeType": "function",
          "props": Object {
            "children": Array [
              <UNDEFINED
                closeTaskDetails={[Function]}
              />,
              <UNDEFINED />,
            ],
          },
          "ref": null,
          "rendered": Array [
            Object {
              "instance": null,
              "key": undefined,
              "nodeType": "function",
              "props": Object {
                "closeTaskDetails": [Function],
              },
              "ref": null,
              "rendered": null,
              "type": Object {
                "$$typeof": Symbol(react.memo),
                "WrappedComponent": [Function],
                "compare": null,
                "displayName": "Connect(TaskDetails)",
                "type": [Function],
                Symbol(Symbol.hasInstance): [Function],
              },
            },
            Object {
              "instance": null,
              "key": undefined,
              "nodeType": "function",
              "props": Object {},
              "ref": null,
              "rendered": null,
              "type": Object {
                "$$typeof": Symbol(react.memo),
                "WrappedComponent": [Function],
                "compare": null,
                "displayName": "Connect(SubtaskListContainer)",
                "type": [Function],
                Symbol(Symbol.hasInstance): [Function],
              },
            },
          ],
          "type": Object {
            "$$typeof": Symbol(react.forward_ref),
            "defaultProps": undefined,
            "displayName": "ModalBody",
            "render": [Function],
          },
        },
        Object {
          "instance": null,
          "key": undefined,
          "nodeType": "function",
          "props": Object {
            "active": false,
            "children": "Delete",
            "className": "delete-task-details-button float-right",
            "disabled": false,
            "onClick": [Function],
            "type": "button",
            "variant": "outline-danger",
          },
          "ref": null,
          "rendered": "Delete",
          "type": Object {
            "$$typeof": Symbol(react.forward_ref),
            "defaultProps": Object {
              "active": false,
              "disabled": false,
              "type": "button",
              "variant": "primary",
            },
            "displayName": "Button",
            "render": [Function],
          },
        },
        Object {
          "instance": null,
          "key": undefined,
          "nodeType": "function",
          "props": Object {
            "closeDeleteModal": [Function],
            "closeTaskDetails": [Function],
            "showDelete": false,
          },
          "ref": null,
          "rendered": null,
          "type": Object {
            "$$typeof": Symbol(react.memo),
            "WrappedComponent": [Function],
            "compare": null,
            "displayName": "Connect(DeleteTask)",
            "type": [Function],
            Symbol(Symbol.hasInstance): [Function],
          },
        },
      ],
      "type": Object {
        "$$typeof": Symbol(react.forward_ref),
        "BACKDROP_TRANSITION_DURATION": 150,
        "Body": Object {
          "$$typeof": Symbol(react.forward_ref),
          "defaultProps": undefined,
          "displayName": "ModalBody",
          "render": [Function],
        },
        "Dialog": Object {
          "$$typeof": Symbol(react.forward_ref),
          "displayName": "ModalDialog",
          "render": [Function],
        },
        "Footer": Object {
          "$$typeof": Symbol(react.forward_ref),
          "defaultProps": undefined,
          "displayName": "ModalFooter",
          "render": [Function],
        },
        "Header": Object {
          "$$typeof": Symbol(react.forward_ref),
          "defaultProps": Object {
            "closeButton": false,
            "closeLabel": "Close",
          },
          "displayName": "ModalHeader",
          "render": [Function],
        },
        "TRANSITION_DURATION": 300,
        "Title": Object {
          "$$typeof": Symbol(react.forward_ref),
          "defaultProps": undefined,
          "displayName": "ModalTitle",
          "render": [Function],
        },
        "defaultProps": undefined,
        "displayName": "Bootstrap(Modal)",
        "propTypes": undefined,
        "render": [Function],
      },
    },
  ],
  Symbol(enzyme.__options__): Object {
    "adapter": ReactSixteenAdapter {
      "options": Object {
        "enableComponentDidUpdateOnSetState": true,
        "legacyContextMode": "parent",
        "lifecycles": Object {
          "componentDidUpdate": Object {
            "onSetState": true,
          },
          "getChildContext": Object {
            "calledByRenderer": false,
          },
          "getDerivedStateFromError": true,
          "getDerivedStateFromProps": Object {
            "hasShouldComponentUpdateBug": false,
          },
          "getSnapshotBeforeUpdate": true,
          "setState": Object {
            "skipsComponentDidUpdateOnNullish": true,
          },
        },
      },
    },
  },
  Symbol(enzyme.__childContext__): null,
}
`;
