// Jest Snapshot v1, https://goo.gl/fbAQLP

exports[`EditDescription should render correctly 1`] = `
ShallowWrapper {
  Symbol(enzyme.__root__): [Circular],
  Symbol(enzyme.__unrendered__): <EditDescription />,
  Symbol(enzyme.__renderer__): Object {
    "batchedUpdates": [Function],
    "checkPropTypes": [Function],
    "getNode": [Function],
    "render": [Function],
    "simulateError": [Function],
    "simulateEvent": [Function],
    "unmount": [Function],
  },
  Symbol(enzyme.__node__): Object {
    "instance": null,
    "key": undefined,
    "nodeType": "function",
    "props": Object {
      "as": "div",
      "children": Array [
        <ForwardRef
          column={false}
          htmlFor="taskDescription"
          srOnly={false}
        >
          Description: 
        </ForwardRef>,
        <ForwardRef
          as="textarea"
          name="taskDescription"
          placeholder="Description"
        />,
        <ForwardRef
          active={false}
          className="button-save-task-details"
          disabled={false}
          onClick={[Function]}
          type="button"
          variant="primary"
        >
          Save description
        </ForwardRef>,
        <ForwardRef
          active={false}
          className="cancel-button"
          disabled={false}
          onClick={[Function]}
          type="button"
          variant="primary"
        >
          ╳
        </ForwardRef>,
      ],
      "fluid": false,
    },
    "ref": null,
    "rendered": Array [
      Object {
        "instance": null,
        "key": undefined,
        "nodeType": "function",
        "props": Object {
          "children": "Description: ",
          "column": false,
          "htmlFor": "taskDescription",
          "srOnly": false,
        },
        "ref": null,
        "rendered": "Description: ",
        "type": Object {
          "$$typeof": Symbol(react.forward_ref),
          "defaultProps": Object {
            "column": false,
            "srOnly": false,
          },
          "displayName": "FormLabel",
          "render": [Function],
        },
      },
      Object {
        "instance": null,
        "key": undefined,
        "nodeType": "function",
        "props": Object {
          "as": "textarea",
          "defaultValue": undefined,
          "name": "taskDescription",
          "placeholder": "Description",
        },
        "ref": [Function],
        "rendered": null,
        "type": Object {
          "$$typeof": Symbol(react.forward_ref),
          "Feedback": Object {
            "$$typeof": Symbol(react.forward_ref),
            "defaultProps": Object {
              "as": "div",
              "type": "valid",
            },
            "displayName": "Feedback",
            "propTypes": Object {
              "as": [Function],
              "type": [Function],
            },
            "render": [Function],
          },
          "defaultProps": Object {
            "as": "input",
          },
          "displayName": "FormControl",
          "render": [Function],
        },
      },
      Object {
        "instance": null,
        "key": undefined,
        "nodeType": "function",
        "props": Object {
          "active": false,
          "children": "Save description",
          "className": "button-save-task-details",
          "disabled": false,
          "onClick": [Function],
          "type": "button",
          "variant": "primary",
        },
        "ref": null,
        "rendered": "Save description",
        "type": Object {
          "$$typeof": Symbol(react.forward_ref),
          "defaultProps": Object {
            "active": false,
            "disabled": false,
            "type": "button",
            "variant": "primary",
          },
          "displayName": "Button",
          "render": [Function],
        },
      },
      Object {
        "instance": null,
        "key": undefined,
        "nodeType": "function",
        "props": Object {
          "active": false,
          "children": "╳",
          "className": "cancel-button",
          "disabled": false,
          "onClick": [Function],
          "type": "button",
          "variant": "primary",
        },
        "ref": null,
        "rendered": "╳",
        "type": Object {
          "$$typeof": Symbol(react.forward_ref),
          "defaultProps": Object {
            "active": false,
            "disabled": false,
            "type": "button",
            "variant": "primary",
          },
          "displayName": "Button",
          "render": [Function],
        },
      },
    ],
    "type": Object {
      "$$typeof": Symbol(react.forward_ref),
      "defaultProps": Object {
        "as": "div",
        "fluid": false,
      },
      "displayName": "Container",
      "render": [Function],
    },
  },
  Symbol(enzyme.__nodes__): Array [
    Object {
      "instance": null,
      "key": undefined,
      "nodeType": "function",
      "props": Object {
        "as": "div",
        "children": Array [
          <ForwardRef
            column={false}
            htmlFor="taskDescription"
            srOnly={false}
          >
            Description: 
          </ForwardRef>,
          <ForwardRef
            as="textarea"
            name="taskDescription"
            placeholder="Description"
          />,
          <ForwardRef
            active={false}
            className="button-save-task-details"
            disabled={false}
            onClick={[Function]}
            type="button"
            variant="primary"
          >
            Save description
          </ForwardRef>,
          <ForwardRef
            active={false}
            className="cancel-button"
            disabled={false}
            onClick={[Function]}
            type="button"
            variant="primary"
          >
            ╳
          </ForwardRef>,
        ],
        "fluid": false,
      },
      "ref": null,
      "rendered": Array [
        Object {
          "instance": null,
          "key": undefined,
          "nodeType": "function",
          "props": Object {
            "children": "Description: ",
            "column": false,
            "htmlFor": "taskDescription",
            "srOnly": false,
          },
          "ref": null,
          "rendered": "Description: ",
          "type": Object {
            "$$typeof": Symbol(react.forward_ref),
            "defaultProps": Object {
              "column": false,
              "srOnly": false,
            },
            "displayName": "FormLabel",
            "render": [Function],
          },
        },
        Object {
          "instance": null,
          "key": undefined,
          "nodeType": "function",
          "props": Object {
            "as": "textarea",
            "defaultValue": undefined,
            "name": "taskDescription",
            "placeholder": "Description",
          },
          "ref": [Function],
          "rendered": null,
          "type": Object {
            "$$typeof": Symbol(react.forward_ref),
            "Feedback": Object {
              "$$typeof": Symbol(react.forward_ref),
              "defaultProps": Object {
                "as": "div",
                "type": "valid",
              },
              "displayName": "Feedback",
              "propTypes": Object {
                "as": [Function],
                "type": [Function],
              },
              "render": [Function],
            },
            "defaultProps": Object {
              "as": "input",
            },
            "displayName": "FormControl",
            "render": [Function],
          },
        },
        Object {
          "instance": null,
          "key": undefined,
          "nodeType": "function",
          "props": Object {
            "active": false,
            "children": "Save description",
            "className": "button-save-task-details",
            "disabled": false,
            "onClick": [Function],
            "type": "button",
            "variant": "primary",
          },
          "ref": null,
          "rendered": "Save description",
          "type": Object {
            "$$typeof": Symbol(react.forward_ref),
            "defaultProps": Object {
              "active": false,
              "disabled": false,
              "type": "button",
              "variant": "primary",
            },
            "displayName": "Button",
            "render": [Function],
          },
        },
        Object {
          "instance": null,
          "key": undefined,
          "nodeType": "function",
          "props": Object {
            "active": false,
            "children": "╳",
            "className": "cancel-button",
            "disabled": false,
            "onClick": [Function],
            "type": "button",
            "variant": "primary",
          },
          "ref": null,
          "rendered": "╳",
          "type": Object {
            "$$typeof": Symbol(react.forward_ref),
            "defaultProps": Object {
              "active": false,
              "disabled": false,
              "type": "button",
              "variant": "primary",
            },
            "displayName": "Button",
            "render": [Function],
          },
        },
      ],
      "type": Object {
        "$$typeof": Symbol(react.forward_ref),
        "defaultProps": Object {
          "as": "div",
          "fluid": false,
        },
        "displayName": "Container",
        "render": [Function],
      },
    },
  ],
  Symbol(enzyme.__options__): Object {
    "adapter": ReactSixteenAdapter {
      "options": Object {
        "enableComponentDidUpdateOnSetState": true,
        "legacyContextMode": "parent",
        "lifecycles": Object {
          "componentDidUpdate": Object {
            "onSetState": true,
          },
          "getChildContext": Object {
            "calledByRenderer": false,
          },
          "getDerivedStateFromError": true,
          "getDerivedStateFromProps": Object {
            "hasShouldComponentUpdateBug": false,
          },
          "getSnapshotBeforeUpdate": true,
          "setState": Object {
            "skipsComponentDidUpdateOnNullish": true,
          },
        },
      },
    },
  },
  Symbol(enzyme.__childContext__): null,
}
`;
