// Jest Snapshot v1, https://goo.gl/fbAQLP

exports[`TaskDetailsModal should render correctly 1`] = `
ShallowWrapper {
  Symbol(enzyme.__root__): [Circular],
  Symbol(enzyme.__unrendered__): <TaskDetailsModal />,
  Symbol(enzyme.__renderer__): Object {
    "batchedUpdates": [Function],
    "checkPropTypes": [Function],
    "getNode": [Function],
    "render": [Function],
    "simulateError": [Function],
    "simulateEvent": [Function],
    "unmount": [Function],
  },
  Symbol(enzyme.__node__): Object {
    "instance": null,
    "key": undefined,
    "nodeType": "function",
    "props": Object {
      "aria-labelledby": "contained-modal-title-center",
      "centered": true,
      "children": Array [
        <ForwardRef
          className="MainModalTD"
          closeButton={false}
          closeLabel="Close"
        >
          Task details
          <ForwardRef
            active={false}
            aria-label="Close"
            className="close"
            disabled={false}
            onClick={[Function]}
            type="button"
            variant="primary"
          >
            <span
              aria-hidden="true"
            >
              ×
            </span>
          </ForwardRef>
        </ForwardRef>,
        <ForwardRef>
          <TaskDetails />
          <ForwardRef
            as="div"
            fluid={false}
          >
            <SubTaskList />
          </ForwardRef>
        </ForwardRef>,
      ],
      "onHide": [Function],
      "show": undefined,
    },
    "ref": null,
    "rendered": Array [
      Object {
        "instance": null,
        "key": undefined,
        "nodeType": "function",
        "props": Object {
          "children": Array [
            "Task details",
            <ForwardRef
              active={false}
              aria-label="Close"
              className="close"
              disabled={false}
              onClick={[Function]}
              type="button"
              variant="primary"
            >
              <span
                aria-hidden="true"
              >
                ×
              </span>
            </ForwardRef>,
          ],
          "className": "MainModalTD",
          "closeButton": false,
          "closeLabel": "Close",
        },
        "ref": null,
        "rendered": Array [
          "Task details",
          Object {
            "instance": null,
            "key": undefined,
            "nodeType": "function",
            "props": Object {
              "active": false,
              "aria-label": "Close",
              "children": <span
                aria-hidden="true"
              >
                ×
              </span>,
              "className": "close",
              "disabled": false,
              "onClick": [Function],
              "type": "button",
              "variant": "primary",
            },
            "ref": null,
            "rendered": Object {
              "instance": null,
              "key": undefined,
              "nodeType": "host",
              "props": Object {
                "aria-hidden": "true",
                "children": "×",
              },
              "ref": null,
              "rendered": "×",
              "type": "span",
            },
            "type": Object {
              "$$typeof": Symbol(react.forward_ref),
              "defaultProps": Object {
                "active": false,
                "disabled": false,
                "type": "button",
                "variant": "primary",
              },
              "displayName": "Button",
              "render": [Function],
            },
          },
        ],
        "type": Object {
          "$$typeof": Symbol(react.forward_ref),
          "defaultProps": Object {
            "closeButton": false,
            "closeLabel": "Close",
          },
          "displayName": "ModalHeader",
          "render": [Function],
        },
      },
      Object {
        "instance": null,
        "key": undefined,
        "nodeType": "function",
        "props": Object {
          "children": Array [
            <TaskDetails />,
            <ForwardRef
              as="div"
              fluid={false}
            >
              <SubTaskList />
            </ForwardRef>,
          ],
        },
        "ref": null,
        "rendered": Array [
          Object {
            "instance": null,
            "key": undefined,
            "nodeType": "class",
            "props": Object {
              "taskRef": undefined,
            },
            "ref": null,
            "rendered": null,
            "type": [Function],
          },
          Object {
            "instance": null,
            "key": undefined,
            "nodeType": "function",
            "props": Object {
              "as": "div",
              "children": <SubTaskList />,
              "fluid": false,
            },
            "ref": null,
            "rendered": Object {
              "instance": null,
              "key": undefined,
              "nodeType": "class",
              "props": Object {
                "taskRef": undefined,
              },
              "ref": null,
              "rendered": null,
              "type": [Function],
            },
            "type": Object {
              "$$typeof": Symbol(react.forward_ref),
              "defaultProps": Object {
                "as": "div",
                "fluid": false,
              },
              "displayName": "Container",
              "render": [Function],
            },
          },
        ],
        "type": Object {
          "$$typeof": Symbol(react.forward_ref),
          "defaultProps": undefined,
          "displayName": "ModalBody",
          "render": [Function],
        },
      },
    ],
    "type": Object {
      "$$typeof": Symbol(react.forward_ref),
      "BACKDROP_TRANSITION_DURATION": 150,
      "Body": Object {
        "$$typeof": Symbol(react.forward_ref),
        "defaultProps": undefined,
        "displayName": "ModalBody",
        "render": [Function],
      },
      "Dialog": Object {
        "$$typeof": Symbol(react.forward_ref),
        "displayName": "ModalDialog",
        "render": [Function],
      },
      "Footer": Object {
        "$$typeof": Symbol(react.forward_ref),
        "defaultProps": undefined,
        "displayName": "ModalFooter",
        "render": [Function],
      },
      "Header": Object {
        "$$typeof": Symbol(react.forward_ref),
        "defaultProps": Object {
          "closeButton": false,
          "closeLabel": "Close",
        },
        "displayName": "ModalHeader",
        "render": [Function],
      },
      "TRANSITION_DURATION": 300,
      "Title": Object {
        "$$typeof": Symbol(react.forward_ref),
        "defaultProps": undefined,
        "displayName": "ModalTitle",
        "render": [Function],
      },
      "defaultProps": undefined,
      "displayName": "Bootstrap(Modal)",
      "propTypes": undefined,
      "render": [Function],
    },
  },
  Symbol(enzyme.__nodes__): Array [
    Object {
      "instance": null,
      "key": undefined,
      "nodeType": "function",
      "props": Object {
        "aria-labelledby": "contained-modal-title-center",
        "centered": true,
        "children": Array [
          <ForwardRef
            className="MainModalTD"
            closeButton={false}
            closeLabel="Close"
          >
            Task details
            <ForwardRef
              active={false}
              aria-label="Close"
              className="close"
              disabled={false}
              onClick={[Function]}
              type="button"
              variant="primary"
            >
              <span
                aria-hidden="true"
              >
                ×
              </span>
            </ForwardRef>
          </ForwardRef>,
          <ForwardRef>
            <TaskDetails />
            <ForwardRef
              as="div"
              fluid={false}
            >
              <SubTaskList />
            </ForwardRef>
          </ForwardRef>,
        ],
        "onHide": [Function],
        "show": undefined,
      },
      "ref": null,
      "rendered": Array [
        Object {
          "instance": null,
          "key": undefined,
          "nodeType": "function",
          "props": Object {
            "children": Array [
              "Task details",
              <ForwardRef
                active={false}
                aria-label="Close"
                className="close"
                disabled={false}
                onClick={[Function]}
                type="button"
                variant="primary"
              >
                <span
                  aria-hidden="true"
                >
                  ×
                </span>
              </ForwardRef>,
            ],
            "className": "MainModalTD",
            "closeButton": false,
            "closeLabel": "Close",
          },
          "ref": null,
          "rendered": Array [
            "Task details",
            Object {
              "instance": null,
              "key": undefined,
              "nodeType": "function",
              "props": Object {
                "active": false,
                "aria-label": "Close",
                "children": <span
                  aria-hidden="true"
                >
                  ×
                </span>,
                "className": "close",
                "disabled": false,
                "onClick": [Function],
                "type": "button",
                "variant": "primary",
              },
              "ref": null,
              "rendered": Object {
                "instance": null,
                "key": undefined,
                "nodeType": "host",
                "props": Object {
                  "aria-hidden": "true",
                  "children": "×",
                },
                "ref": null,
                "rendered": "×",
                "type": "span",
              },
              "type": Object {
                "$$typeof": Symbol(react.forward_ref),
                "defaultProps": Object {
                  "active": false,
                  "disabled": false,
                  "type": "button",
                  "variant": "primary",
                },
                "displayName": "Button",
                "render": [Function],
              },
            },
          ],
          "type": Object {
            "$$typeof": Symbol(react.forward_ref),
            "defaultProps": Object {
              "closeButton": false,
              "closeLabel": "Close",
            },
            "displayName": "ModalHeader",
            "render": [Function],
          },
        },
        Object {
          "instance": null,
          "key": undefined,
          "nodeType": "function",
          "props": Object {
            "children": Array [
              <TaskDetails />,
              <ForwardRef
                as="div"
                fluid={false}
              >
                <SubTaskList />
              </ForwardRef>,
            ],
          },
          "ref": null,
          "rendered": Array [
            Object {
              "instance": null,
              "key": undefined,
              "nodeType": "class",
              "props": Object {
                "taskRef": undefined,
              },
              "ref": null,
              "rendered": null,
              "type": [Function],
            },
            Object {
              "instance": null,
              "key": undefined,
              "nodeType": "function",
              "props": Object {
                "as": "div",
                "children": <SubTaskList />,
                "fluid": false,
              },
              "ref": null,
              "rendered": Object {
                "instance": null,
                "key": undefined,
                "nodeType": "class",
                "props": Object {
                  "taskRef": undefined,
                },
                "ref": null,
                "rendered": null,
                "type": [Function],
              },
              "type": Object {
                "$$typeof": Symbol(react.forward_ref),
                "defaultProps": Object {
                  "as": "div",
                  "fluid": false,
                },
                "displayName": "Container",
                "render": [Function],
              },
            },
          ],
          "type": Object {
            "$$typeof": Symbol(react.forward_ref),
            "defaultProps": undefined,
            "displayName": "ModalBody",
            "render": [Function],
          },
        },
      ],
      "type": Object {
        "$$typeof": Symbol(react.forward_ref),
        "BACKDROP_TRANSITION_DURATION": 150,
        "Body": Object {
          "$$typeof": Symbol(react.forward_ref),
          "defaultProps": undefined,
          "displayName": "ModalBody",
          "render": [Function],
        },
        "Dialog": Object {
          "$$typeof": Symbol(react.forward_ref),
          "displayName": "ModalDialog",
          "render": [Function],
        },
        "Footer": Object {
          "$$typeof": Symbol(react.forward_ref),
          "defaultProps": undefined,
          "displayName": "ModalFooter",
          "render": [Function],
        },
        "Header": Object {
          "$$typeof": Symbol(react.forward_ref),
          "defaultProps": Object {
            "closeButton": false,
            "closeLabel": "Close",
          },
          "displayName": "ModalHeader",
          "render": [Function],
        },
        "TRANSITION_DURATION": 300,
        "Title": Object {
          "$$typeof": Symbol(react.forward_ref),
          "defaultProps": undefined,
          "displayName": "ModalTitle",
          "render": [Function],
        },
        "defaultProps": undefined,
        "displayName": "Bootstrap(Modal)",
        "propTypes": undefined,
        "render": [Function],
      },
    },
  ],
  Symbol(enzyme.__options__): Object {
    "adapter": ReactSixteenAdapter {
      "options": Object {
        "enableComponentDidUpdateOnSetState": true,
        "legacyContextMode": "parent",
        "lifecycles": Object {
          "componentDidUpdate": Object {
            "onSetState": true,
          },
          "getChildContext": Object {
            "calledByRenderer": false,
          },
          "getDerivedStateFromError": true,
          "getDerivedStateFromProps": Object {
            "hasShouldComponentUpdateBug": false,
          },
          "getSnapshotBeforeUpdate": true,
          "setState": Object {
            "skipsComponentDidUpdateOnNullish": true,
          },
        },
      },
    },
  },
  Symbol(enzyme.__childContext__): null,
}
`;
